javac : src\repository\ExcelReaderImpl.java:11: error: package 
org.apache.poi.xssf.usermodel does not exist
Au caractère Ligne:1 : 1
+ javac -sourcepath src src/main/java/org/example/Main.java -d 
out > co ...
+ ~~~~~~~~~~~~~~~~~~~~~~~~~~~~~~~~~~~~~~~~~~~~~~~~~~~~~~~~~~~~~~~
~~~~~~
    + CategoryInfo          : NotSpecified: (src\repository\...  
   does not exist:String) [], RemoteException
    + FullyQualifiedErrorId : NativeCommandError
 
import org.apache.poi.xssf.usermodel.XSSFWorkbook;
                                    ^
src\repository\ExcelReaderImpl.java:66: error: cannot find symbol
    private List<Etudiant> chargerEtudiants(Workbook wb) {
                                            ^
  symbol:   class Workbook
  location: class ExcelReaderImpl
src\repository\ExcelReaderImpl.java:84: error: cannot find symbol
    private List<Professeur> chargerProfesseurs(Workbook wb) {
                                                ^
  symbol:   class Workbook
  location: class ExcelReaderImpl
src\repository\ExcelReaderImpl.java:101: error: cannot find 
symbol
    private List<Salle> chargerSalles(Workbook wb) {
                                      ^
  symbol:   class Workbook
  location: class ExcelReaderImpl
src\repository\ExcelReaderImpl.java:115: error: cannot find 
symbol
    private String cellString(Row row, int col) {
                              ^
  symbol:   class Row
  location: class ExcelReaderImpl
src\repository\ExcelReaderImpl.java:10: error: package 
org.apache.poi.ss.usermodel does not exist
import org.apache.poi.ss.usermodel.*;
                        ^
src\repository\ExcelReaderImpl.java:34: error: cannot find symbol
             Workbook wb = new XSSFWorkbook(fis)) {
             ^
  symbol:   class Workbook
  location: class ExcelReaderImpl
src\repository\ExcelReaderImpl.java:34: error: cannot find symbol
             Workbook wb = new XSSFWorkbook(fis)) {
                               ^
  symbol:   class XSSFWorkbook
  location: class ExcelReaderImpl
src\repository\ExcelReaderImpl.java:68: error: cannot find symbol
        Sheet sheet = wb.getSheetAt(2);
        ^
  symbol:   class Sheet
  location: class ExcelReaderImpl
src\repository\ExcelReaderImpl.java:70: error: cannot find symbol
            Row row = sheet.getRow(i);
            ^
  symbol:   class Row
  location: class ExcelReaderImpl
src\repository\ExcelReaderImpl.java:86: error: cannot find symbol
        Sheet sheet = wb.getSheetAt(0);
        ^
  symbol:   class Sheet
  location: class ExcelReaderImpl
src\repository\ExcelReaderImpl.java:88: error: cannot find symbol
            Row row = sheet.getRow(i);
            ^
  symbol:   class Row
  location: class ExcelReaderImpl
src\repository\ExcelReaderImpl.java:103: error: cannot find 
symbol
        Sheet sheet = wb.getSheetAt(1);
        ^
  symbol:   class Sheet
  location: class ExcelReaderImpl
src\repository\ExcelReaderImpl.java:105: error: cannot find 
symbol
            Row row = sheet.getRow(i);
            ^
  symbol:   class Row
  location: class ExcelReaderImpl
src\repository\ExcelReaderImpl.java:116: error: cannot find 
symbol
        Cell cell = row.getCell(col, 
Row.MissingCellPolicy.RETURN_BLANK_AS_NULL);
        ^
  symbol:   class Cell
  location: class ExcelReaderImpl
src\repository\ExcelReaderImpl.java:116: error: package Row does 
not exist
        Cell cell = row.getCell(col, 
Row.MissingCellPolicy.RETURN_BLANK_AS_NULL);
                                        ^
src\service\PlanningService.java:28: error: cannot find symbol
                        Salle salle = 
dispoService.salleDisponible(c, salles, planning);
                                                                 
     ^
  symbol:   variable salles
  location: class PlanningService
src\service\ValidationPlanning.java:16: error: salle has private 
access in Soutenance
                if(a.salle.equals(b.salle) && overlap(a,b)){
                                   ^
src\service\ValidationPlanning.java:16: error: salle has private 
access in Soutenance
                if(a.salle.equals(b.salle) && overlap(a,b)){
                    ^
src\service\ValidationPlanning.java:17: error: salle has private 
access in Soutenance
                    System.out.println("Conflit Salle : 
"+a.salle);
                                                           ^
src\service\ValidationPlanning.java:45: error: jury1 has private 
access in Soutenance
            if (s.encadrant.equals(s.jury1)
                                    ^
src\service\ValidationPlanning.java:45: error: encadrant has 
private access in Soutenance
            if (s.encadrant.equals(s.jury1)
                 ^
src\service\ValidationPlanning.java:46: error: jury2 has private 
access in Soutenance
                    || s.encadrant.equals(s.jury2)
                                           ^
src\service\ValidationPlanning.java:46: error: encadrant has 
private access in Soutenance
                    || s.encadrant.equals(s.jury2)
                        ^
src\service\ValidationPlanning.java:47: error: jury2 has private 
access in Soutenance
                    || s.jury1.equals(s.jury2)) {
                                       ^
src\service\ValidationPlanning.java:47: error: jury1 has private 
access in Soutenance
                    || s.jury1.equals(s.jury2)) {
                        ^
src\service\ValidationPlanning.java:49: error: etudiant has 
private access in Soutenance
                System.out.println("ERROR jury pour : " + 
s.etudiant);
                                                           ^
src\service\ValidationPlanning.java:61: error: debut has private 
access in Soutenance
            add(profPlages, s.encadrant.toString(), s.debut);
                                                     ^
src\service\ValidationPlanning.java:61: error: encadrant has 
private access in Soutenance
            add(profPlages, s.encadrant.toString(), s.debut);
                             ^
src\service\ValidationPlanning.java:62: error: debut has private 
access in Soutenance
            add(profPlages, s.jury1.toString(), s.debut);
                                                 ^
src\service\ValidationPlanning.java:62: error: jury1 has private 
access in Soutenance
            add(profPlages, s.jury1.toString(), s.debut);
                             ^
src\service\ValidationPlanning.java:63: error: debut has private 
access in Soutenance
            add(profPlages, s.jury2.toString(), s.debut);
                                                 ^
src\service\ValidationPlanning.java:63: error: jury2 has private 
access in Soutenance
            add(profPlages, s.jury2.toString(), s.debut);
                             ^
src\service\ValidationPlanning.java:84: error: debut has private 
access in Soutenance
        return !a.fin.isBefore(b.debut) && 
!b.fin.isBefore(a.debut);
                                ^
src\service\ValidationPlanning.java:84: error: fin has private 
access in Soutenance
        return !a.fin.isBefore(b.debut) && 
!b.fin.isBefore(a.debut);
                 ^
src\service\ValidationPlanning.java:84: error: debut has private 
access in Soutenance
        return !a.fin.isBefore(b.debut) && 
!b.fin.isBefore(a.debut);
                                                            ^
src\service\ValidationPlanning.java:84: error: fin has private 
access in Soutenance
        return !a.fin.isBefore(b.debut) && 
!b.fin.isBefore(a.debut);
                                             ^
src\service\ValidationPlanning.java:88: error: encadrant has 
private access in Soutenance
        return a.encadrant.equals(b.encadrant) ||
                                   ^
src\service\ValidationPlanning.java:88: error: encadrant has 
private access in Soutenance
        return a.encadrant.equals(b.encadrant) ||
                ^
src\service\ValidationPlanning.java:89: error: jury1 has private 
access in Soutenance
                a.encadrant.equals(b.jury1) ||
                                    ^
src\service\ValidationPlanning.java:89: error: encadrant has 
private access in Soutenance
                a.encadrant.equals(b.jury1) ||
                 ^
src\service\ValidationPlanning.java:90: error: jury2 has private 
access in Soutenance
                a.encadrant.equals(b.jury2) ||
                                    ^
src\service\ValidationPlanning.java:90: error: encadrant has 
private access in Soutenance
                a.encadrant.equals(b.jury2) ||
                 ^
src\service\ValidationPlanning.java:91: error: encadrant has 
private access in Soutenance
                a.jury1.equals(b.encadrant) ||
                                ^
src\service\ValidationPlanning.java:91: error: jury1 has private 
access in Soutenance
                a.jury1.equals(b.encadrant) ||
                 ^
src\service\ValidationPlanning.java:92: error: jury1 has private 
access in Soutenance
                a.jury1.equals(b.jury1) ||
                                ^
src\service\ValidationPlanning.java:92: error: jury1 has private 
access in Soutenance
                a.jury1.equals(b.jury1) ||
                 ^
src\service\ValidationPlanning.java:93: error: jury2 has private 
access in Soutenance
                a.jury1.equals(b.jury2) ||
                                ^
src\service\ValidationPlanning.java:93: error: jury1 has private 
access in Soutenance
                a.jury1.equals(b.jury2) ||
                 ^
src\service\ValidationPlanning.java:94: error: encadrant has 
private access in Soutenance
                a.jury2.equals(b.encadrant) ||
                                ^
src\service\ValidationPlanning.java:94: error: jury2 has private 
access in Soutenance
                a.jury2.equals(b.encadrant) ||
                 ^
src\service\ValidationPlanning.java:95: error: jury1 has private 
access in Soutenance
                a.jury2.equals(b.jury1) ||
                                ^
src\service\ValidationPlanning.java:95: error: jury2 has private 
access in Soutenance
                a.jury2.equals(b.jury1) ||
                 ^
src\service\ValidationPlanning.java:96: error: jury2 has private 
access in Soutenance
                a.jury2.equals(b.jury2);
                                ^
src\service\ValidationPlanning.java:96: error: jury2 has private 
access in Soutenance
                a.jury2.equals(b.jury2);
                 ^
55 errors
